==========================================
 Flask 多專案備份工具 - 自動啟動設定
==========================================

偵測到 Python 安裝

請選擇設定方式：

 [1] 工作排程器 (推薦) - 可設定觸發條件、延遲啟動
 [5] 移除所有自動啟動設定

請輸入選項 (0-5): 無效的選項
